// Vitest Snapshot v1, https://vitest.dev/guide/snapshot.html

exports[`routes > entities > getEntityLookup > 200 > ok 1`] = `
[
  [
    "user:userdn",
  ],
]
`;

exports[`routes > entities > getEntityLookup > 200 > ok 2`] = `
{
  "entity": {
    "email": "jb@example.com",
    "name": "Joe Bloggs",
    "organisation": "Acme Corp",
  },
}
`;
