// Vitest Snapshot v1, https://vitest.dev/guide/snapshot.html

exports[`routes > model > modelcard > getModelCardRevisions > audit > expected call 1`] = `
[
  {
    "CreatedBy": "user",
    "createdAt": "2023-11-17T14:25:39.004Z",
    "modelId": "abc",
  },
]
`;
