// Vitest Snapshot v1, https://vitest.dev/guide/snapshot.html

exports[`routes > release > getRelease > 200 > ok 1`] = `
{
  "release": {
    "_id": "test",
  },
}
`;
