// Vitest Snapshot v1, https://vitest.dev/guide/snapshot.html

exports[`routes > webhook > deleteWebhook > 200 > ok 1`] = `
{
  "webhooks": [
    "webhook 1",
    "webhook 2",
  ],
}
`;
