// Vitest Snapshot v1, https://vitest.dev/guide/snapshot.html

exports[`routes > files > getFiles > 200 > ok 1`] = `
{
  "files": [
    "a",
    "b",
  ],
}
`;
