// Vitest Snapshot v1, https://vitest.dev/guide/snapshot.html

exports[`routes > schema > getApprovals > returns approvals count 1`] = `
{
  "count": 7,
}
`;
