// Vitest Snapshot v1, https://vitest.dev/guide/snapshot.html

exports[`services > smtp > templates > releaseReview > that the html is set 1`] = `
[
  [
    "
    <mjml>
      <mj-body background-color=\\"#ccd3e0\\">
        <mj-section background-color=\\"#ccd3e0\\" padding-bottom=\\"20px\\" padding-top=\\"20px\\">
        </mj-section>
        
    <mj-section background-color=\\"#27598e\\" padding-bottom=\\"5px\\" padding-top=\\"20px\\">
      <mj-column width=\\"100%\\">
        <mj-text align=\\"center\\" color=\\"#FFF\\" font-size=\\"13px\\" font-family=\\"Helvetica\\" padding-left=\\"25px\\" padding-right=\\"25px\\" padding-bottom=\\"28px\\" padding-top=\\"28px\\"><span style=\\"font-size:20px; font-weight:bold\\">You have been requested to review a release.</span>
        </mj-text>
      </mj-column>
    </mj-section>
    <mj-section background-color=\\"#356cc7\\" padding-bottom=\\"15px\\">
      <mj-column>
        <mj-text align=\\"center\\" color=\\"#FFF\\" font-size=\\"15px\\" font-family=\\"Ubuntu, Helvetica, Arial, sans-serif\\" padding-left=\\"25px\\" padding-right=\\"25px\\" padding-bottom=\\"0px\\"><strong>Model Name</strong></mj-text>
        <mj-text align=\\"center\\" color=\\"#FFF\\" font-size=\\"13px\\" font-family=\\"Helvetica\\" padding-left=\\"25px\\" padding-right=\\"25px\\" padding-bottom=\\"20px\\" padding-top=\\"10px\\">releaseName</mj-text>
      </mj-column>
      <mj-column>
        <mj-text align=\\"center\\" color=\\"#FFF\\" font-size=\\"15px\\" font-family=\\"Ubuntu, Helvetica, Arial, sans-serif\\" padding-left=\\"25px\\" padding-right=\\"25px\\" padding-bottom=\\"0px\\"><strong>Review Category</strong></mj-text>
        <mj-text align=\\"center\\" color=\\"#FFF\\" font-size=\\"13px\\" font-family=\\"Helvetica\\" padding-left=\\"25px\\" padding-right=\\"25px\\" padding-bottom=\\"20px\\" padding-top=\\"10px\\">release</mj-text>
      </mj-column>
      <mj-column>
        <mj-text align=\\"center\\" color=\\"#FFF\\" font-size=\\"15px\\" font-family=\\"Ubuntu, Helvetica, Arial, sans-serif\\" padding-left=\\"25px\\" padding-right=\\"25px\\" padding-bottom=\\"0px\\"><strong>Author</strong></mj-text>
        <mj-text align=\\"center\\" color=\\"#FFF\\" font-size=\\"13px\\" font-family=\\"Helvetica\\" padding-left=\\"25px\\" padding-right=\\"25px\\" padding-bottom=\\"20px\\" padding-top=\\"10px\\">author</mj-text>
      </mj-column>
    </mj-section>
    <mj-section background-color=\\"#27598e\\" padding-bottom=\\"20px\\" padding-top=\\"20px\\">
      <mj-column width=\\"50%\\">
        <mj-button background-color=\\"#f37f58\\" color=\\"#FFF\\" font-size=\\"14px\\" align=\\"center\\" font-weight=\\"bold\\" border=\\"none\\" padding=\\"15px 30px\\" border-radius=\\"10px\\" href=\\"/base/url/model/modelId\\" font-family=\\"Helvetica\\" padding-left=\\"25px\\" padding-right=\\"25px\\" padding-bottom=\\"10px\\">Open release</mj-button>
      </mj-column>
      <mj-column width=\\"50%\\">
        <mj-button background-color=\\"#f37f58\\" color=\\"#FFF\\" font-size=\\"14px\\" align=\\"center\\" font-weight=\\"bold\\" border=\\"none\\" padding=\\"15px 30px\\" border-radius=\\"10px\\" href=\\"/base/url/review\\" font-family=\\"Helvetica\\" padding-left=\\"25px\\" padding-right=\\"25px\\" padding-bottom=\\"12px\\">See Reviews</mj-button>
      </mj-column>
    </mj-section>
  
      </mj-body>
    </mjml>
  ",
  ],
]
`;

exports[`services > smtp > templates > releaseReview > that the html is set 2`] = `
[
  [
    "
    <mjml>
      <mj-body background-color=\\"#ccd3e0\\">
        <mj-section background-color=\\"#ccd3e0\\" padding-bottom=\\"20px\\" padding-top=\\"20px\\">
        </mj-section>
        
    <mj-section background-color=\\"#27598e\\" padding-bottom=\\"5px\\" padding-top=\\"20px\\">
      <mj-column width=\\"100%\\">
        <mj-text align=\\"center\\" color=\\"#FFF\\" font-size=\\"13px\\" font-family=\\"Helvetica\\" padding-left=\\"25px\\" padding-right=\\"25px\\" padding-bottom=\\"28px\\" padding-top=\\"28px\\"><span style=\\"font-size:20px; font-weight:bold\\">You have been requested to review a release.</span>
        </mj-text>
      </mj-column>
    </mj-section>
    <mj-section background-color=\\"#356cc7\\" padding-bottom=\\"15px\\">
      <mj-column>
        <mj-text align=\\"center\\" color=\\"#FFF\\" font-size=\\"15px\\" font-family=\\"Ubuntu, Helvetica, Arial, sans-serif\\" padding-left=\\"25px\\" padding-right=\\"25px\\" padding-bottom=\\"0px\\"><strong>Model Name</strong></mj-text>
        <mj-text align=\\"center\\" color=\\"#FFF\\" font-size=\\"13px\\" font-family=\\"Helvetica\\" padding-left=\\"25px\\" padding-right=\\"25px\\" padding-bottom=\\"20px\\" padding-top=\\"10px\\">releaseName</mj-text>
      </mj-column>
      <mj-column>
        <mj-text align=\\"center\\" color=\\"#FFF\\" font-size=\\"15px\\" font-family=\\"Ubuntu, Helvetica, Arial, sans-serif\\" padding-left=\\"25px\\" padding-right=\\"25px\\" padding-bottom=\\"0px\\"><strong>Review Category</strong></mj-text>
        <mj-text align=\\"center\\" color=\\"#FFF\\" font-size=\\"13px\\" font-family=\\"Helvetica\\" padding-left=\\"25px\\" padding-right=\\"25px\\" padding-bottom=\\"20px\\" padding-top=\\"10px\\">release</mj-text>
      </mj-column>
      <mj-column>
        <mj-text align=\\"center\\" color=\\"#FFF\\" font-size=\\"15px\\" font-family=\\"Ubuntu, Helvetica, Arial, sans-serif\\" padding-left=\\"25px\\" padding-right=\\"25px\\" padding-bottom=\\"0px\\"><strong>Author</strong></mj-text>
        <mj-text align=\\"center\\" color=\\"#FFF\\" font-size=\\"13px\\" font-family=\\"Helvetica\\" padding-left=\\"25px\\" padding-right=\\"25px\\" padding-bottom=\\"20px\\" padding-top=\\"10px\\">author</mj-text>
      </mj-column>
    </mj-section>
    <mj-section background-color=\\"#27598e\\" padding-bottom=\\"20px\\" padding-top=\\"20px\\">
      <mj-column width=\\"50%\\">
        <mj-button background-color=\\"#f37f58\\" color=\\"#FFF\\" font-size=\\"14px\\" align=\\"center\\" font-weight=\\"bold\\" border=\\"none\\" padding=\\"15px 30px\\" border-radius=\\"10px\\" href=\\"/base/url/model/modelId\\" font-family=\\"Helvetica\\" padding-left=\\"25px\\" padding-right=\\"25px\\" padding-bottom=\\"10px\\">Open release</mj-button>
      </mj-column>
      <mj-column width=\\"50%\\">
        <mj-button background-color=\\"#f37f58\\" color=\\"#FFF\\" font-size=\\"14px\\" align=\\"center\\" font-weight=\\"bold\\" border=\\"none\\" padding=\\"15px 30px\\" border-radius=\\"10px\\" href=\\"/base/url/review\\" font-family=\\"Helvetica\\" padding-left=\\"25px\\" padding-right=\\"25px\\" padding-bottom=\\"12px\\">See Reviews</mj-button>
      </mj-column>
    </mj-section>
  
      </mj-body>
    </mjml>
  ",
  ],
]
`;

exports[`services > smtp > templates > releaseReview > that the subject is set 1`] = `
[
  [
    "
    ROLE: You have been requested to review 'resource' on Bailo
  ",
  ],
]
`;

exports[`services > smtp > templates > releaseReview > that the text is set 1`] = `
[
  [
    "
    You have been requested to review 'releaseName' on Bailo.

    Review Category: 'release'
    Author: 'author'

    Open release: /base/url/model/modelId
    See Reviews: /base/url/review
  ",
  ],
]
`;
